// Jest Snapshot v1, https://goo.gl/fbAQLP

exports[`Arrow should render Arrow 1`] = `ShallowWrapper {}`;
