// Jest Snapshot v1, https://goo.gl/fbAQLP

exports[`Switcher should render source Switcher 1`] = `ShallowWrapper {}`;

exports[`Switcher should render target Switcher 1`] = `ShallowWrapper {}`;
