// Jest Snapshot v1, https://goo.gl/fbAQLP

exports[`WalletsView should render WalletsView 1`] = `ShallowWrapper {}`;
